

================================================================
== Vivado HLS Report for 'mlp_HLS'
================================================================
* Date:           Sun Nov 13 14:23:05 2022

* Version:        2020.1 (Build 2897737 on Wed May 27 20:21:37 MDT 2020)
* Project:        mlp_HLS
* Solution:       solution1
* Product family: zynquplus
* Target device:  xczu3eg-sbva484-1-i


================================================================
== Performance Estimates
================================================================
+ Timing: 
    * Summary: 
    +--------+----------+----------+------------+
    |  Clock |  Target  | Estimated| Uncertainty|
    +--------+----------+----------+------------+
    |ap_clk  | 10.00 ns | 9.770 ns |   1.25 ns  |
    +--------+----------+----------+------------+

+ Latency: 
    * Summary: 
    +---------+---------+----------+----------+--------+--------+---------+
    |  Latency (cycles) |  Latency (absolute) |     Interval    | Pipeline|
    |   min   |   max   |    min   |    max   |   min  |   max  |   Type  |
    +---------+---------+----------+----------+--------+--------+---------+
    |   124740|   124740| 1.247 ms | 1.247 ms |  124740|  124740|   none  |
    +---------+---------+----------+----------+--------+--------+---------+

    + Detail: 
        * Instance: 
        N/A

        * Loop: 
        +-----------------+---------+---------+----------+-----------+-----------+------+----------+
        |                 |  Latency (cycles) | Iteration|  Initiation Interval  | Trip |          |
        |    Loop Name    |   min   |   max   |  Latency |  achieved |   target  | Count| Pipelined|
        +-----------------+---------+---------+----------+-----------+-----------+------+----------+
        |- memset_output  |        3|        3|         1|          -|          -|     4|    no    |
        |- Loop 2         |       54|       54|         1|          -|          -|    54|    no    |
        |- Loop 3         |    39760|    39760|       355|          -|          -|   112|    no    |
        | + Loop 3.1      |      351|      351|        13|          -|          -|    27|    no    |
        |- Loop 4         |    81984|    81984|       732|          -|          -|   112|    no    |
        | + Loop 4.1      |      728|      728|        13|          -|          -|    56|    no    |
        |- Loop 5         |     2920|     2920|       730|          -|          -|     4|    no    |
        | + Loop 5.1      |      728|      728|        13|          -|          -|    56|    no    |
        |- Loop 6         |        4|        4|         1|          -|          -|     4|    no    |
        |- Loop 7         |        8|        8|         2|          -|          -|     4|    no    |
        +-----------------+---------+---------+----------+-----------+-----------+------+----------+



================================================================
== Utilization Estimates
================================================================
* Summary: 
+-----------------+---------+-------+--------+-------+-----+
|       Name      | BRAM_18K| DSP48E|   FF   |  LUT  | URAM|
+-----------------+---------+-------+--------+-------+-----+
|DSP              |        -|      -|       -|      -|    -|
|Expression       |        -|      -|       0|    890|    -|
|FIFO             |        -|      -|       -|      -|    -|
|Instance         |        -|      5|     421|    481|    -|
|Memory           |       43|      -|       0|      0|    0|
|Multiplexer      |        -|      -|       -|    607|    -|
|Register         |        -|      -|    1066|      -|    -|
+-----------------+---------+-------+--------+-------+-----+
|Total            |       43|      5|    1487|   1978|    0|
+-----------------+---------+-------+--------+-------+-----+
|Available        |      432|    360|  141120|  70560|    0|
+-----------------+---------+-------+--------+-------+-----+
|Utilization (%)  |        9|      1|       1|      2|    0|
+-----------------+---------+-------+--------+-------+-----+

+ Detail: 
    * Instance: 
    +-------------------------+----------------------+---------+-------+-----+-----+-----+
    |         Instance        |        Module        | BRAM_18K| DSP48E|  FF | LUT | URAM|
    +-------------------------+----------------------+---------+-------+-----+-----+-----+
    |mlp_HLS_fadd_32nshbi_U1  |mlp_HLS_fadd_32nshbi  |        0|      2|  227|  214|    0|
    |mlp_HLS_fcmp_32nsjbC_U3  |mlp_HLS_fcmp_32nsjbC  |        0|      0|   66|   66|    0|
    |mlp_HLS_fmul_32nsibs_U2  |mlp_HLS_fmul_32nsibs  |        0|      3|  128|  138|    0|
    |mlp_HLS_mux_42_32kbM_U4  |mlp_HLS_mux_42_32kbM  |        0|      0|    0|   21|    0|
    |mlp_HLS_mux_42_32kbM_U5  |mlp_HLS_mux_42_32kbM  |        0|      0|    0|   21|    0|
    |mlp_HLS_mux_42_32kbM_U6  |mlp_HLS_mux_42_32kbM  |        0|      0|    0|   21|    0|
    +-------------------------+----------------------+---------+-------+-----+-----+-----+
    |Total                    |                      |        0|      5|  421|  481|    0|
    +-------------------------+----------------------+---------+-------+-----+-----+-----+

    * DSP48E: 
    N/A

    * Memory: 
    +------------------+----------------------+---------+---+----+-----+-------+-----+------+-------------+
    |      Memory      |        Module        | BRAM_18K| FF| LUT| URAM| Words | Bits| Banks| W*Bits*Banks|
    +------------------+----------------------+---------+---+----+-----+-------+-----+------+-------------+
    |hidden1Layer_U    |mlp_HLS_hidden1LafYi  |        1|  0|   0|    0|    112|   32|     1|         3584|
    |hidden2Layer_U    |mlp_HLS_hidden1LafYi  |        1|  0|   0|    0|    112|   32|     1|         3584|
    |layer1Bias_U      |mlp_HLS_layer1Bias    |        1|  0|   0|    0|    112|   32|     1|         3584|
    |layer1Weight_U    |mlp_HLS_layer1Weibkb  |       12|  0|   0|    0|   6048|   32|     1|       193536|
    |layer2Bias_U      |mlp_HLS_layer2Bias    |        1|  0|   0|    0|    112|   32|     1|         3584|
    |layer2Weight_U    |mlp_HLS_layer2Weicud  |       25|  0|   0|    0|  12544|   32|     1|       401408|
    |outputWeight_U    |mlp_HLS_outputWeidEe  |        1|  0|   0|    0|    448|   32|     1|        14336|
    |training_input_U  |mlp_HLS_training_eOg  |        1|  0|   0|    0|     54|   32|     1|         1728|
    +------------------+----------------------+---------+---+----+-----+-------+-----+------+-------------+
    |Total             |                      |       43|  0|   0|    0|  19542|  256|     8|       625344|
    +------------------+----------------------+---------+---+----+-----+-------+-----+------+-------------+

    * FIFO: 
    N/A

    * Expression: 
    +-------------------------+----------+-------+---+----+------------+------------+
    |      Variable Name      | Operation| DSP48E| FF| LUT| Bitwidth P0| Bitwidth P1|
    +-------------------------+----------+-------+---+----+------------+------------+
    |add_ln100_1_fu_982_p2    |     +    |      0|  0|  22|          15|          15|
    |add_ln100_fu_957_p2      |     +    |      0|  0|  22|          15|          15|
    |add_ln125_fu_1191_p2     |     +    |      0|  0|  15|           7|           2|
    |add_ln127_1_fu_1181_p2   |     +    |      0|  0|  17|          10|          10|
    |add_ln127_fu_1136_p2     |     +    |      0|  0|  17|          10|          10|
    |add_ln57_fu_609_p2       |     +    |      0|  0|   9|           2|           1|
    |add_ln79_fu_753_p2       |     +    |      0|  0|  20|          13|           6|
    |add_ln81_fu_833_p2       |     +    |      0|  0|  15|           6|           2|
    |add_ln85_1_fu_822_p2     |     +    |      0|  0|  20|          13|          13|
    |add_ln85_fu_791_p2       |     +    |      0|  0|  20|          13|          13|
    |add_ln98_fu_992_p2       |     +    |      0|  0|  15|           7|           2|
    |i_2_fu_1203_p2           |     +    |      0|  0|  11|           3|           1|
    |i_3_fu_1269_p2           |     +    |      0|  0|  11|           3|           1|
    |i_fu_737_p2              |     +    |      0|  0|  15|           6|           1|
    |j_1_fu_1055_p2           |     +    |      0|  0|  11|           3|           1|
    |j_2_fu_901_p2            |     +    |      0|  0|  15|           7|           1|
    |j_fu_765_p2              |     +    |      0|  0|  15|           7|           1|
    |sub_ln100_fu_936_p2      |     -    |      0|  0|  22|          15|          15|
    |sub_ln127_fu_1081_p2     |     -    |      0|  0|  17|          10|          10|
    |and_ln102_fu_1034_p2     |    and   |      0|  0|   2|           1|           1|
    |and_ln88_fu_880_p2       |    and   |      0|  0|   2|           1|           1|
    |ap_block_state3          |    and   |      0|  0|   2|           1|           1|
    |ap_block_state51_io      |    and   |      0|  0|   2|           1|           1|
    |M_AXIS_TLAST_int         |   icmp   |      0|  0|   9|           3|           2|
    |icmp_ln102_1_fu_1022_p2  |   icmp   |      0|  0|  20|          23|           1|
    |icmp_ln102_fu_1016_p2    |   icmp   |      0|  0|  11|           8|           2|
    |icmp_ln123_fu_1049_p2    |   icmp   |      0|  0|   9|           3|           4|
    |icmp_ln125_fu_1121_p2    |   icmp   |      0|  0|  11|           7|           6|
    |icmp_ln132_fu_1197_p2    |   icmp   |      0|  0|   9|           3|           4|
    |icmp_ln138_fu_1263_p2    |   icmp   |      0|  0|   9|           3|           4|
    |icmp_ln57_1_fu_615_p2    |   icmp   |      0|  0|   9|           2|           3|
    |icmp_ln57_2_fu_629_p2    |   icmp   |      0|  0|   8|           2|           1|
    |icmp_ln57_3_fu_643_p2    |   icmp   |      0|  0|   8|           2|           1|
    |icmp_ln57_fu_705_p2      |   icmp   |      0|  0|   8|           2|           2|
    |icmp_ln60_fu_731_p2      |   icmp   |      0|  0|  11|           6|           5|
    |icmp_ln79_fu_759_p2      |   icmp   |      0|  0|  11|           7|           6|
    |icmp_ln81_fu_776_p2      |   icmp   |      0|  0|  11|           6|           5|
    |icmp_ln88_1_fu_868_p2    |   icmp   |      0|  0|  20|          23|           1|
    |icmp_ln88_fu_862_p2      |   icmp   |      0|  0|  11|           8|           2|
    |icmp_ln96_fu_895_p2      |   icmp   |      0|  0|  11|           7|           6|
    |icmp_ln98_fu_942_p2      |   icmp   |      0|  0|  11|           7|           6|
    |or_ln102_fu_1028_p2      |    or    |      0|  0|   2|           1|           1|
    |or_ln125_fu_1166_p2      |    or    |      0|  0|   7|           7|           1|
    |or_ln81_fu_807_p2        |    or    |      0|  0|   6|           6|           1|
    |or_ln88_fu_874_p2        |    or    |      0|  0|   2|           1|           1|
    |or_ln98_fu_967_p2        |    or    |      0|  0|   7|           7|           1|
    |hidden1Layer_d0          |  select  |      0|  0|  32|           1|           1|
    |hidden2Layer_d0          |  select  |      0|  0|  32|           1|           1|
    |select_ln57_1_fu_635_p3  |  select  |      0|  0|  32|           1|          32|
    |select_ln57_2_fu_649_p3  |  select  |      0|  0|  32|           1|          32|
    |select_ln57_3_fu_657_p3  |  select  |      0|  0|  32|           1|           1|
    |select_ln57_4_fu_665_p3  |  select  |      0|  0|  32|           1|          32|
    |select_ln57_5_fu_673_p3  |  select  |      0|  0|  32|           1|          32|
    |select_ln57_6_fu_681_p3  |  select  |      0|  0|  32|           1|           1|
    |select_ln57_7_fu_689_p3  |  select  |      0|  0|  32|           1|          32|
    |select_ln57_8_fu_697_p3  |  select  |      0|  0|  32|           1|           1|
    |select_ln57_fu_621_p3    |  select  |      0|  0|  32|           1|          32|
    +-------------------------+----------+-------+---+----+------------+------------+
    |Total                    |          |      0|  0| 890|         324|         387|
    +-------------------------+----------+-------+---+----+------------+------------+

    * Multiplexer: 
    +-------------------------+-----+-----------+-----+-----------+
    |           Name          | LUT | Input Size| Bits| Total Bits|
    +-------------------------+-----+-----------+-----+-----------+
    |M_AXIS_TDATA_blk_n       |    9|          2|    1|          2|
    |S_AXIS_TDATA_blk_n       |    9|          2|    1|          2|
    |activation2_0_0_reg_456  |    9|          2|   32|         64|
    |activation_0_0_reg_422   |    9|          2|   32|         64|
    |ap_NS_fsm                |  229|         53|    1|         53|
    |grp_fu_533_p0            |   27|          5|   32|        160|
    |grp_fu_540_p0            |   27|          5|   32|        160|
    |grp_fu_540_p1            |   21|          4|   32|        128|
    |grp_fu_544_p0            |   15|          3|   32|         96|
    |hidden1Layer_address0    |   21|          4|    7|         28|
    |hidden2Layer_address0    |   21|          4|    7|         28|
    |i7_0_reg_511             |    9|          2|    3|          6|
    |i8_0_reg_522             |    9|          2|    3|          6|
    |i_0_reg_388              |    9|          2|    6|         12|
    |j1_0_reg_444             |    9|          2|    7|         14|
    |j4_0_reg_478             |    9|          2|    3|          6|
    |j_0_reg_399              |    9|          2|    7|         14|
    |k3_0_0_reg_466           |    9|          2|    7|         14|
    |k6_0_0_reg_499           |    9|          2|    7|         14|
    |k_0_0_reg_432            |    9|          2|    6|         12|
    |layer1Weight_address0    |   15|          3|   13|         39|
    |layer2Weight_address0    |   15|          3|   14|         42|
    |outputLayer_0_reg_489    |    9|          2|   32|         64|
    |outputWeight_address0    |   15|          3|    9|         27|
    |output_3_1_fu_180        |    9|          2|   32|         64|
    |output_3_2_fu_188        |    9|          2|   32|         64|
    |output_3_3_fu_184        |    9|          2|   32|         64|
    |output_3_fu_176          |    9|          2|   32|         64|
    |phi_ln57_reg_377         |    9|          2|    2|          4|
    |phi_mul_reg_410          |    9|          2|   13|         26|
    |training_input_address0  |   21|          4|    6|         24|
    +-------------------------+-----+-----------+-----+-----------+
    |Total                    |  607|        131|  475|       1365|
    +-------------------------+-----+-----------+-----+-----------+

    * Register: 
    +-------------------------+----+----+-----+-----------+
    |           Name          | FF | LUT| Bits| Const Bits|
    +-------------------------+----+----+-----+-----------+
    |activation2_0_0_reg_456  |  32|   0|   32|          0|
    |activation_0_0_reg_422   |  32|   0|   32|          0|
    |add_ln125_reg_1594       |   7|   0|    7|          0|
    |add_ln79_reg_1373        |  13|   0|   13|          0|
    |add_ln81_reg_1429        |   6|   0|    6|          0|
    |add_ln98_reg_1515        |   7|   0|    7|          0|
    |ap_CS_fsm                |  52|   0|   52|          0|
    |i7_0_reg_511             |   3|   0|    3|          0|
    |i8_0_reg_522             |   3|   0|    3|          0|
    |i_0_reg_388              |   6|   0|    6|          0|
    |i_3_reg_1613             |   3|   0|    3|          0|
    |j1_0_reg_444             |   7|   0|    7|          0|
    |j4_0_reg_478             |   3|   0|    3|          0|
    |j_0_reg_399              |   7|   0|    7|          0|
    |j_1_reg_1523             |   3|   0|    3|          0|
    |j_2_reg_1442             |   7|   0|    7|          0|
    |j_reg_1381               |   7|   0|    7|          0|
    |k3_0_0_reg_466           |   7|   0|    7|          0|
    |k6_0_0_reg_499           |   7|   0|    7|          0|
    |k_0_0_reg_432            |   6|   0|    6|          0|
    |outputLayer_0_reg_489    |  32|   0|   32|          0|
    |outputLayer_3_1_fu_164   |  32|   0|   32|          0|
    |outputLayer_3_2_fu_168   |  32|   0|   32|          0|
    |outputLayer_3_3_fu_172   |  32|   0|   32|          0|
    |outputLayer_3_fu_160     |  32|   0|   32|          0|
    |output_0_0_fu_132        |  32|   0|   32|          0|
    |output_1_0_fu_136        |  32|   0|   32|          0|
    |output_2_0_fu_140        |  32|   0|   32|          0|
    |output_3_0_fu_144        |  32|   0|   32|          0|
    |output_3_1_fu_180        |  32|   0|   32|          0|
    |output_3_2_fu_188        |  32|   0|   32|          0|
    |output_3_3_fu_184        |  32|   0|   32|          0|
    |output_3_fu_176          |  32|   0|   32|          0|
    |phi_ln57_reg_377         |   2|   0|    2|          0|
    |phi_mul_reg_410          |  13|   0|   13|          0|
    |reg_551                  |  32|   0|   32|          0|
    |reg_555                  |  32|   0|   32|          0|
    |reg_560                  |  32|   0|   32|          0|
    |reg_565                  |  32|   0|   32|          0|
    |reg_577                  |  32|   0|   32|          0|
    |reg_582                  |  32|   0|   32|          0|
    |reg_587                  |  32|   0|   32|          0|
    |reg_592                  |  32|   0|   32|          0|
    |select_ln57_2_reg_1342   |  32|   0|   32|          0|
    |select_ln57_5_reg_1347   |  32|   0|   32|          0|
    |select_ln57_7_reg_1352   |  32|   0|   32|          0|
    |select_ln57_8_reg_1357   |  32|   0|   32|          0|
    |sub_ln100_reg_1481       |  11|   0|   15|          4|
    |sub_ln127_reg_1528       |   6|   0|   10|          4|
    |trunc_ln124_reg_1534     |   2|   0|    2|          0|
    |zext_ln80_reg_1386       |   7|   0|   64|         57|
    |zext_ln97_reg_1447       |   7|   0|   64|         57|
    +-------------------------+----+----+-----+-----------+
    |Total                    |1066|   0| 1188|        122|
    +-------------------------+----+----+-----+-----------+



================================================================
== Interface
================================================================
* Summary: 
+---------------+-----+-----+--------------+---------------+--------------+
|   RTL Ports   | Dir | Bits|   Protocol   | Source Object |    C Type    |
+---------------+-----+-----+--------------+---------------+--------------+
|ap_clk         |  in |    1| ap_ctrl_none |    mlp_HLS    | return value |
|ap_rst_n       |  in |    1| ap_ctrl_none |    mlp_HLS    | return value |
|S_AXIS_TDATA   |  in |   32|     axis     | S_AXIS_V_data |    pointer   |
|S_AXIS_TVALID  |  in |    1|     axis     | S_AXIS_V_last |    pointer   |
|S_AXIS_TREADY  | out |    1|     axis     | S_AXIS_V_last |    pointer   |
|S_AXIS_TLAST   |  in |    1|     axis     | S_AXIS_V_last |    pointer   |
|M_AXIS_TDATA   | out |   32|     axis     | M_AXIS_V_data |    pointer   |
|M_AXIS_TVALID  | out |    1|     axis     | M_AXIS_V_last |    pointer   |
|M_AXIS_TREADY  |  in |    1|     axis     | M_AXIS_V_last |    pointer   |
|M_AXIS_TLAST   | out |    1|     axis     | M_AXIS_V_last |    pointer   |
+---------------+-----+-----+--------------+---------------+--------------+

